user@DESKTOP-CRD6C8P MINGW64 ~/Documents/Git_assignment
$ notepad textfile1.txt

user@DESKTOP-CRD6C8P MINGW64 ~/Documents/Git_assignment
$ notepad textfile2.txt

user@DESKTOP-CRD6C8P MINGW64 ~/Documents/Git_assignment
$ notepad textfile3.txt
user@DESKTOP-CRD6C8P MINGW64 ~/Documents/Git_assignment (master)
$ git add README.md

user@DESKTOP-CRD6C8P MINGW64 ~/Documents/Git_assignment (master)
$ git status
On branch master

No commits yet

Changes to be committed:
  (use "git rm --cached <file>..." to unstage)
        new file:   README.md

Untracked files:
  (use "git add <file>..." to include in what will be committed)
        textfile1.txt
        textfile2.txt
        textfile3.txt

user@DESKTOP-CRD6C8P MINGW64 ~/Documents/Git_assignment (master)
$ git checkout -b Dev
Switched to a new branch 'Dev'

user@DESKTOP-CRD6C8P MINGW64 ~/Documents/Git_assignment (Dev)
$ git add textfile1.txt

user@DESKTOP-CRD6C8P MINGW64 ~/Documents/Git_assignment (Dev)
$ git status
On branch Dev
Changes to be committed:
  (use "git restore --staged <file>..." to unstage)
        new file:   textfile1.txt

Untracked files:
  (use "git add <file>..." to include in what will be committed)
        textfile2.txt
        textfile3.txt


user@DESKTOP-CRD6C8P MINGW64 ~/Documents/Git_assignment (Dev)
$ git commit -m "initial commit for textfile1 in Dev branch"
[Dev c2817fe] initial commit for textfile1 in Dev branch
 1 file changed, 2 insertions(+)
 create mode 100644 textfile1.txt

user@DESKTOP-CRD6C8P MINGW64 ~/Documents/Git_assignment (Dev)
$ git checkout -b Test
Switched to a new branch 'Test'

user@DESKTOP-CRD6C8P MINGW64 ~/Documents/Git_assignment (Test)
$ git branch
  Dev
* Test
  master

user@DESKTOP-CRD6C8P MINGW64 ~/Documents/Git_assignment (Test)
$ git status
On branch Test
Untracked files:
  (use "git add <file>..." to include in what will be committed)
        textfile2.txt
        textfile3.txt

nothing added to commit but untracked files present (use "git add" to track)

user@DESKTOP-CRD6C8P MINGW64 ~/Documents/Git_assignment (Test)
$ git add textfile2.txt textfile3.txt

user@DESKTOP-CRD6C8P MINGW64 ~/Documents/Git_assignment (Test)
$ git commit -m "textfile 2 and 3 commit inside Test branch"
[Test fe49647] textfile 2 and 3 commit inside Test branch
 2 files changed, 6 insertions(+)
 create mode 100644 textfile2.txt
 create mode 100644 textfile3.txt

user@DESKTOP-CRD6C8P MINGW64 ~/Documents/Git_assignment (Test)
$ git checkout Dev
Switched to branch 'Dev'

user@DESKTOP-CRD6C8P MINGW64 ~/Documents/Git_assignment (Dev)
$ notepad textfile1.txt

user@DESKTOP-CRD6C8P MINGW64 ~/Documents/Git_assignment (Dev)
$ git diff
diff --git a/textfile1.txt b/textfile1.txt
index 0d0fd5c..e2af347 100644
--- a/textfile1.txt
+++ b/textfile1.txt
@@ -1,2 +1,5 @@
-hey!, Yash here
-This is Text file 1 made for git assignment
\ No newline at end of file
+hey!, Yash patel here
+This is Text file 1 for git assignment
+
+add some code
+print("hello world")
\ No newline at end of file

user@DESKTOP-CRD6C8P MINGW64 ~/Documents/Git_assignment (Dev)
$ git status
On branch Dev
Changes not staged for commit:
  (use "git add <file>..." to update what will be committed)
  (use "git restore <file>..." to discard changes in working directory)
        modified:   textfile1.txt

no changes added to commit (use "git add" and/or "git commit -a")

user@DESKTOP-CRD6C8P MINGW64 ~/Documents/Git_assignment (Dev)
$ git add textfile1.txt

user@DESKTOP-CRD6C8P MINGW64 ~/Documents/Git_assignment (Dev)
$ git diff --staged
diff --git a/textfile1.txt b/textfile1.txt
index 0d0fd5c..e2af347 100644
--- a/textfile1.txt
+++ b/textfile1.txt
@@ -1,2 +1,5 @@
-hey!, Yash here
-This is Text file 1 made for git assignment
\ No newline at end of file
+hey!, Yash patel here
+This is Text file 1 for git assignment
+
+add some code
+print("hello world")
\ No newline at end of file

user@DESKTOP-CRD6C8P MINGW64 ~/Documents/Git_assignment (Dev)
$ git commit -m "final changes in textfile1"
[Dev 4c421bc] final changes in textfile1
 1 file changed, 5 insertions(+), 2 deletions(-)

user@DESKTOP-CRD6C8P MINGW64 ~/Documents/Git_assignment (Dev)
$ git checkout master
Switched to branch 'master'

user@DESKTOP-CRD6C8P MINGW64 ~/Documents/Git_assignment (master)
$ git log
commit 3cfa035ecfb5c272eca93de316ff95d7f4d137bf (HEAD -> master)
Author: yashpatel5929 <yashp6765@gmail.com>
Date:   Fri Jul 23 17:19:57 2021 +0530

    Readme file

user@DESKTOP-CRD6C8P MINGW64 ~/Documents/Git_assignment (master)
$ git merge Dev
Updating 3cfa035..4c421bc
Fast-forward
 textfile1.txt | 5 +++++
 1 file changed, 5 insertions(+)
 create mode 100644 textfile1.txt

user@DESKTOP-CRD6C8P MINGW64 ~/Documents/Git_assignment (master)
$ git log
commit 4c421bca42bbb0d6470534072c3f8b96a2f55457 (HEAD -> master, Dev)
Author: yashpatel5929 <yashp6765@gmail.com>
Date:   Fri Jul 23 17:35:14 2021 +0530

    final changes in textfile1

commit c2817fe8b2841d93ef9f2bb2b69a4280380e736f
Author: yashpatel5929 <yashp6765@gmail.com>
Date:   Fri Jul 23 17:21:48 2021 +0530

    initial commit for textfile1 in Dev branch

commit 3cfa035ecfb5c272eca93de316ff95d7f4d137bf
Author: yashpatel5929 <yashp6765@gmail.com>
Date:   Fri Jul 23 17:19:57 2021 +0530

    Readme file

user@DESKTOP-CRD6C8P MINGW64 ~/Documents/Git_assignment (master)
$ git merge Test
Merge made by the 'recursive' strategy.
 textfile2.txt | 3 +++
 textfile3.txt | 3 +++
 2 files changed, 6 insertions(+)
 create mode 100644 textfile2.txt
 create mode 100644 textfile3.txt

user@DESKTOP-CRD6C8P MINGW64 ~/Documents/Git_assignment (master)
$ git log
commit 4a8d0986f481f6fdbe39a3caa089eb6de7e236d7 (HEAD -> master)
Merge: 4c421bc fe49647
Author: yashpatel5929 <yashp6765@gmail.com>
Date:   Fri Jul 23 17:45:00 2021 +0530

    Merge branch 'Test'

commit 4c421bca42bbb0d6470534072c3f8b96a2f55457 (Dev)
Author: yashpatel5929 <yashp6765@gmail.com>
Date:   Fri Jul 23 17:35:14 2021 +0530

    final changes in textfile1

commit fe49647894cd96552aeeca57a740f85584dd7a11 (Test)
Author: yashpatel5929 <yashp6765@gmail.com>
Date:   Fri Jul 23 17:23:33 2021 +0530

    textfile 2 and 3 commit inside Test branch

commit c2817fe8b2841d93ef9f2bb2b69a4280380e736f
Author: yashpatel5929 <yashp6765@gmail.com>
Date:   Fri Jul 23 17:21:48 2021 +0530

    initial commit for textfile1 in Dev branch

commit 3cfa035ecfb5c272eca93de316ff95d7f4d137bf
Author: yashpatel5929 <yashp6765@gmail.com>
Date:   Fri Jul 23 17:19:57 2021 +0530

    Readme file

user@DESKTOP-CRD6C8P MINGW64 ~/Documents/Git_assignment (master)
$ git remote add origin https://github.com/yashpatel5929/Git_assignment_repo.git

user@DESKTOP-CRD6C8P MINGW64 ~/Documents/Git_assignment (master)
$ git push -u origin master
Enumerating objects: 15, done.
Counting objects: 100% (15/15), done.
Delta compression using up to 4 threads
Compressing objects: 100% (13/13), done.
Writing objects: 100% (15/15), 1.37 KiB | 467.00 KiB/s, done.
Total 15 (delta 4), reused 0 (delta 0), pack-reused 0
remote: Resolving deltas: 100% (4/4), done.
To https://github.com/yashpatel5929/Git_assignment_repo.git
 * [new branch]      master -> master
Branch 'master' set up to track remote branch 'master' from 'origin'.


